completed: strategy=random_weighted weight=0.1 seed=143 gpu=5
completed: strategy=strategy2_weighted weight=0.1 seed=142 gpu=1
completed: strategy=strategy1_negative weight=None seed=143 gpu=4
completed: strategy=strategy2_weighted weight=0.1 seed=143 gpu=2
completed: strategy=strategy1_negative weight=None seed=142 gpu=0
completed: strategy=random_weighted weight=0.1 seed=142 gpu=3
completed: strategy=strategy1_negative weight=None seed=144 gpu=5
completed: strategy=random_weighted weight=0.1 seed=145 gpu=3
completed: strategy=strategy2_weighted weight=0.1 seed=144 gpu=1
completed: strategy=strategy2_weighted weight=0.1 seed=145 gpu=0
completed: strategy=random_weighted weight=0.1 seed=144 gpu=4
completed: strategy=strategy1_negative weight=None seed=145 gpu=2
completed: strategy=strategy1_negative weight=None seed=146 gpu=5
completed: strategy=strategy2_weighted weight=0.1 seed=146 gpu=3
completed: strategy=random_weighted weight=0.1 seed=146 gpu=1
completed domain: art
completed: strategy=strategy1_negative weight=None seed=143 gpu=3
completed: strategy=strategy2_weighted weight=0.1 seed=143 gpu=5
completed: strategy=random_weighted weight=0.1 seed=143 gpu=4
completed: strategy=random_weighted weight=0.1 seed=142 gpu=2
completed: strategy=strategy2_weighted weight=0.1 seed=142 gpu=1
completed: strategy=strategy1_negative weight=None seed=142 gpu=0
completed: strategy=strategy1_negative weight=None seed=144 gpu=3
completed: strategy=strategy2_weighted weight=0.1 seed=145 gpu=1
completed: strategy=random_weighted weight=0.1 seed=145 gpu=0
completed: strategy=random_weighted weight=0.1 seed=144 gpu=4
completed: strategy=strategy2_weighted weight=0.1 seed=144 gpu=5
completed: strategy=strategy1_negative weight=None seed=145 gpu=2
completed: strategy=strategy1_negative weight=None seed=146 gpu=3
completed: strategy=strategy2_weighted weight=0.1 seed=146 gpu=1
completed: strategy=random_weighted weight=0.1 seed=146 gpu=0
completed domain: award
completed: strategy=strategy2_weighted weight=0.1 seed=142 gpu=1
completed: strategy=strategy1_negative weight=None seed=143 gpu=3
completed: strategy=random_weighted weight=0.1 seed=142 gpu=2
completed: strategy=strategy2_weighted weight=0.1 seed=143 gpu=4
completed: strategy=strategy1_negative weight=None seed=142 gpu=0
completed: strategy=random_weighted weight=0.1 seed=143 gpu=5
completed: strategy=strategy1_negative weight=None seed=144 gpu=1
completed: strategy=strategy2_weighted weight=0.1 seed=144 gpu=3
completed: strategy=strategy1_negative weight=None seed=145 gpu=4
completed: strategy=strategy2_weighted weight=0.1 seed=145 gpu=0
completed: strategy=random_weighted weight=0.1 seed=144 gpu=2
completed: strategy=random_weighted weight=0.1 seed=145 gpu=5
completed: strategy=random_weighted weight=0.1 seed=146 gpu=4
completed: strategy=strategy1_negative weight=None seed=146 gpu=1
completed: strategy=strategy2_weighted weight=0.1 seed=146 gpu=3
completed domain: edu
completed: strategy=random_weighted weight=0.1 seed=142 gpu=2
completed: strategy=strategy1_negative weight=None seed=142 gpu=0
completed: strategy=strategy1_negative weight=None seed=143 gpu=3
completed: strategy=random_weighted weight=0.1 seed=143 gpu=5
completed: strategy=strategy2_weighted weight=0.1 seed=143 gpu=4
completed: strategy=strategy2_weighted weight=0.1 seed=142 gpu=1
completed: strategy=strategy2_weighted weight=0.1 seed=144 gpu=0
completed: strategy=strategy1_negative weight=None seed=144 gpu=2
completed: strategy=random_weighted weight=0.1 seed=144 gpu=3
completed: strategy=strategy1_negative weight=None seed=145 gpu=5
completed: strategy=random_weighted weight=0.1 seed=145 gpu=1
completed: strategy=strategy2_weighted weight=0.1 seed=145 gpu=4
completed: strategy=strategy1_negative weight=None seed=146 gpu=0
completed: strategy=strategy2_weighted weight=0.1 seed=146 gpu=2
completed: strategy=random_weighted weight=0.1 seed=146 gpu=3
completed domain: health
completed: strategy=strategy2_weighted weight=0.1 seed=143 gpu=4
completed: strategy=strategy1_negative weight=None seed=144 gpu=4
completed: strategy=strategy1_negative weight=None seed=142 gpu=0
completed: strategy=strategy1_negative weight=None seed=143 gpu=3
completed: strategy=random_weighted weight=0.1 seed=143 gpu=5
completed: strategy=random_weighted weight=0.1 seed=142 gpu=2
completed: strategy=strategy2_weighted weight=0.1 seed=142 gpu=1
completed: strategy=strategy2_weighted weight=0.1 seed=144 gpu=4
completed: strategy=strategy1_negative weight=None seed=146 gpu=1
completed: strategy=strategy1_negative weight=None seed=145 gpu=3
completed: strategy=strategy2_weighted weight=0.1 seed=145 gpu=5
completed: strategy=random_weighted weight=0.1 seed=144 gpu=0
completed: strategy=strategy2_weighted weight=0.1 seed=146 gpu=4
completed: strategy=random_weighted weight=0.1 seed=145 gpu=2
completed: strategy=random_weighted weight=0.1 seed=146 gpu=1
completed domain: infra
completed: strategy=strategy1_negative weight=None seed=143 gpu=3
completed: strategy=random_weighted weight=0.1 seed=143 gpu=5
completed: strategy=strategy1_negative weight=None seed=142 gpu=0
completed: strategy=strategy2_weighted weight=0.1 seed=142 gpu=1
completed: strategy=random_weighted weight=0.1 seed=142 gpu=2
completed: strategy=strategy2_weighted weight=0.1 seed=143 gpu=4
completed: strategy=strategy1_negative weight=None seed=144 gpu=3
completed: strategy=strategy2_weighted weight=0.1 seed=144 gpu=5
completed: strategy=random_weighted weight=0.1 seed=144 gpu=0
completed: strategy=strategy1_negative weight=None seed=145 gpu=1
completed: strategy=random_weighted weight=0.1 seed=145 gpu=4
completed: strategy=strategy2_weighted weight=0.1 seed=145 gpu=2
completed: strategy=strategy2_weighted weight=0.1 seed=146 gpu=5
completed: strategy=strategy1_negative weight=None seed=146 gpu=3
completed: strategy=random_weighted weight=0.1 seed=146 gpu=0
completed domain: loc
completed: strategy=strategy1_negative weight=None seed=142 gpu=0
completed: strategy=random_weighted weight=0.1 seed=143 gpu=4
completed: strategy=strategy1_negative weight=None seed=144 gpu=0
completed: strategy=random_weighted weight=0.1 seed=142 gpu=2
completed: strategy=strategy1_negative weight=None seed=143 gpu=3
completed: strategy=strategy2_weighted weight=0.1 seed=142 gpu=1
completed: strategy=strategy2_weighted weight=0.1 seed=143 gpu=5
completed: strategy=random_weighted weight=0.1 seed=144 gpu=0
completed: strategy=strategy1_negative weight=None seed=145 gpu=2
completed: strategy=strategy2_weighted weight=0.1 seed=146 gpu=0
completed: strategy=strategy2_weighted weight=0.1 seed=144 gpu=4
completed: strategy=random_weighted weight=0.1 seed=145 gpu=1
completed: strategy=strategy1_negative weight=None seed=146 gpu=5
completed: strategy=strategy2_weighted weight=0.1 seed=145 gpu=3
completed: strategy=random_weighted weight=0.1 seed=146 gpu=2
completed domain: org
completed: strategy=strategy2_weighted weight=0.1 seed=143 gpu=4
completed: strategy=strategy1_negative weight=None seed=144 gpu=4
completed: strategy=strategy1_negative weight=None seed=143 gpu=3
completed: strategy=random_weighted weight=0.1 seed=143 gpu=5
completed: strategy=strategy2_weighted weight=0.1 seed=142 gpu=1
completed: strategy=strategy1_negative weight=None seed=142 gpu=0
completed: strategy=random_weighted weight=0.1 seed=142 gpu=2
completed: strategy=strategy2_weighted weight=0.1 seed=144 gpu=4
completed: strategy=random_weighted weight=0.1 seed=144 gpu=3
completed: strategy=strategy1_negative weight=None seed=145 gpu=5
completed: strategy=strategy2_weighted weight=0.1 seed=145 gpu=1
completed: strategy=random_weighted weight=0.1 seed=145 gpu=0
completed: strategy=strategy1_negative weight=None seed=146 gpu=2
completed: strategy=strategy2_weighted weight=0.1 seed=146 gpu=4
completed: strategy=random_weighted weight=0.1 seed=146 gpu=3
completed domain: people
completed: strategy=strategy1_negative weight=None seed=143 gpu=4
completed: strategy=random_weighted weight=0.1 seed=142 gpu=2
completed: strategy=random_weighted weight=0.1 seed=143 gpu=5
completed: strategy=strategy2_weighted weight=0.1 seed=142 gpu=1
completed: strategy=strategy2_weighted weight=0.1 seed=143 gpu=3
completed: strategy=strategy1_negative weight=None seed=142 gpu=0
completed: strategy=strategy2_weighted weight=0.1 seed=144 gpu=2
completed: strategy=strategy1_negative weight=None seed=144 gpu=4
completed: strategy=random_weighted weight=0.1 seed=145 gpu=0
completed: strategy=strategy1_negative weight=None seed=146 gpu=2
completed: strategy=random_weighted weight=0.1 seed=144 gpu=5
completed: strategy=strategy1_negative weight=None seed=145 gpu=1
completed: strategy=strategy2_weighted weight=0.1 seed=145 gpu=3
completed: strategy=strategy2_weighted weight=0.1 seed=146 gpu=4
completed: strategy=random_weighted weight=0.1 seed=146 gpu=0
completed domain: sci
completed: strategy=strategy1_negative weight=None seed=142 gpu=0
completed: strategy=strategy2_weighted weight=0.1 seed=143 gpu=4
completed: strategy=strategy1_negative weight=None seed=143 gpu=3
completed: strategy=random_weighted weight=0.1 seed=143 gpu=5
completed: strategy=strategy2_weighted weight=0.1 seed=142 gpu=1
completed: strategy=random_weighted weight=0.1 seed=142 gpu=2
completed: strategy=strategy1_negative weight=None seed=144 gpu=0
completed: strategy=strategy2_weighted weight=0.1 seed=144 gpu=4
completed: strategy=strategy1_negative weight=None seed=146 gpu=0
completed: strategy=strategy2_weighted weight=0.1 seed=145 gpu=1
completed: strategy=strategy1_negative weight=None seed=145 gpu=5
completed: strategy=random_weighted weight=0.1 seed=144 gpu=3
completed: strategy=random_weighted weight=0.1 seed=145 gpu=2
completed: strategy=strategy2_weighted weight=0.1 seed=146 gpu=4
completed: strategy=random_weighted weight=0.1 seed=146 gpu=0
completed domain: sport
completed: strategy=strategy1_negative weight=None seed=142 gpu=0
completed: strategy=strategy1_negative weight=None seed=144 gpu=0
completed: strategy=strategy2_weighted weight=0.1 seed=142 gpu=1
completed: strategy=random_weighted weight=0.1 seed=142 gpu=2
completed: strategy=random_weighted weight=0.1 seed=143 gpu=5
completed: strategy=strategy1_negative weight=None seed=143 gpu=3
completed: strategy=strategy2_weighted weight=0.1 seed=143 gpu=4
completed: strategy=strategy2_weighted weight=0.1 seed=145 gpu=5
completed: strategy=random_weighted weight=0.1 seed=145 gpu=3
completed: strategy=strategy1_negative weight=None seed=146 gpu=4
completed: strategy=strategy1_negative weight=None seed=145 gpu=2
completed: strategy=strategy2_weighted weight=0.1 seed=144 gpu=0
completed: strategy=random_weighted weight=0.1 seed=144 gpu=1
completed: strategy=random_weighted weight=0.1 seed=146 gpu=3
completed: strategy=strategy2_weighted weight=0.1 seed=146 gpu=5
completed domain: tax
{
  "locked_weight": 0.1,
  "completed_domains": [
    "art",
    "award",
    "edu",
    "health",
    "infra",
    "loc",
    "org",
    "people",
    "sci",
    "sport",
    "tax"
  ],
  "domain_count": 11
}
