prepared: domain=award seed=142
prepared: domain=award seed=143
prepared: domain=award seed=144
prepared: domain=award seed=145
prepared: domain=art seed=144
prepared: domain=art seed=146
prepared: domain=art seed=143
prepared: domain=art seed=145
prepared: domain=art seed=142
prepared: domain=award seed=146
prepared: domain=edu seed=142
prepared: domain=edu seed=143
prepared: domain=edu seed=144
prepared: domain=edu seed=145
prepared: domain=edu seed=146
prepared: domain=infra seed=142
prepared: domain=health seed=142
prepared: domain=health seed=144
prepared: domain=health seed=143
prepared: domain=health seed=145
prepared: domain=health seed=146
prepared: domain=infra seed=143
prepared: domain=infra seed=144
prepared: domain=infra seed=145
prepared: domain=infra seed=146
prepared: domain=org seed=142
prepared: domain=org seed=143
prepared: domain=org seed=144
prepared: domain=org seed=145
prepared: domain=org seed=146
prepared: domain=people seed=142
prepared: domain=loc seed=142
prepared: domain=loc seed=143
prepared: domain=loc seed=144
prepared: domain=loc seed=145
prepared: domain=loc seed=146
prepared: domain=sci seed=142
prepared: domain=sci seed=143
prepared: domain=sci seed=144
prepared: domain=sci seed=145
prepared: domain=people seed=143
prepared: domain=sci seed=146
prepared: domain=people seed=144
prepared: domain=people seed=145
prepared: domain=people seed=146
prepared: domain=tax seed=142
prepared: domain=sport seed=142
prepared: domain=sport seed=144
prepared: domain=sport seed=143
prepared: domain=sport seed=145
prepared: domain=sport seed=146
prepared: domain=tax seed=143
prepared: domain=tax seed=144
prepared: domain=tax seed=145
prepared: domain=tax seed=146
{
  "prepared": 55,
  "skipped": 0,
  "total": 55
}
